     Testing CorePotts
      Status `/private/var/folders/9d/d4gpx11s7vlbsnsd5y3n2z8r0000gn/T/jl_dMHqaP/Project.toml`
  [6a4ca0a5] AcceleratedKernels v0.4.3
  [79e6a3ab] Adapt v4.7.0
  [4c88cf16] Aqua v0.8.16
  [a9b6321e] Atomix v1.1.3
  [047998c1] CorePotts v0.2.0 `~/Documents/Jiang/CPM 1.6/Potts.jl/lib/CorePotts`
  [63c18a36] KernelAbstractions v0.9.42
  [82808884] LocalWorksets v0.1.0 `~/Documents/Jiang/CPM 1.6/Potts.jl/lib/LocalWorksets`
  [37e2e46d] LinearAlgebra v1.12.0
  [ea8e919c] SHA v0.7.0
  [8dfed614] Test v1.11.0
      Status `/private/var/folders/9d/d4gpx11s7vlbsnsd5y3n2z8r0000gn/T/jl_dMHqaP/Manifest.toml`
  [6a4ca0a5] AcceleratedKernels v0.4.3
  [79e6a3ab] Adapt v4.7.0
  [4c88cf16] Aqua v0.8.16
  [dce04be8] ArgCheck v2.5.0
  [a9b6321e] Atomix v1.1.3
  [34da2185] Compat v4.18.1
  [047998c1] CorePotts v0.2.0 `~/Documents/Jiang/CPM 1.6/Potts.jl/lib/CorePotts`
  [46192b85] GPUArraysCore v0.2.0
  [63c18a36] KernelAbstractions v0.9.42
  [82808884] LocalWorksets v0.1.0 `~/Documents/Jiang/CPM 1.6/Potts.jl/lib/LocalWorksets`
  [1914dd2f] MacroTools v0.5.16
  [aea7be01] PrecompileTools v1.3.4
  [21216c6a] Preferences v1.5.2
  [ae029012] Requires v1.3.1
  [90137ffa] StaticArrays v1.9.18
  [1e83bf80] StaticArraysCore v1.4.4
  [013be700] UnsafeAtomics v0.3.1
  [0dad84c5] ArgTools v1.1.2
  [56f22d72] Artifacts v1.11.0
  [2a0f44e3] Base64 v1.11.0
  [ade2ca70] Dates v1.11.0
  [f43a241f] Downloads v1.7.0
  [7b1f6079] FileWatching v1.11.0
  [b77e0a4c] InteractiveUtils v1.11.0
  [ac6e5ff7] JuliaSyntaxHighlighting v1.12.0
  [b27032c2] LibCURL v0.6.4
  [76f85450] LibGit2 v1.11.0
  [8f399da3] Libdl v1.11.0
  [37e2e46d] LinearAlgebra v1.12.0
  [56ddb016] Logging v1.11.0
  [d6f4376e] Markdown v1.11.0
  [ca575930] NetworkOptions v1.3.0
  [44cfe95a] Pkg v1.12.1
  [de0858da] Printf v1.11.0
  [9a3f8284] Random v1.11.0
  [ea8e919c] SHA v0.7.0
  [9e88b42a] Serialization v1.11.0
  [f489334b] StyledStrings v1.11.0
  [fa267f1f] TOML v1.0.3
  [a4e569a6] Tar v1.10.0
  [8dfed614] Test v1.11.0
  [cf7118a7] UUIDs v1.11.0
  [4ec0a83e] Unicode v1.11.0
  [e66e0078] CompilerSupportLibraries_jll v1.3.0+1
  [deac9b47] LibCURL_jll v8.15.0+0
  [e37daf67] LibGit2_jll v1.9.0+0
  [29816b5a] LibSSH2_jll v1.11.3+1
  [14a3606d] MozillaCACerts_jll v2025.11.4
  [4536629a] OpenBLAS_jll v0.3.29+0
  [458c3c95] OpenSSL_jll v3.5.4+0
  [83775a58] Zlib_jll v1.3.1+2
  [8e850b90] libblastrampoline_jll v5.15.0+0
  [8e850ede] nghttp2_jll v1.64.0+1
  [3f19e933] p7zip_jll v17.7.0+0
     Testing Running tests...
Test Summary:                        | Pass  Total  Time
narrow package API and explicit SPIs |   13     13  0.1s
Test Summary:                                       | Pass  Total  Time
semantic Philox known answers and address isolation |    5      5  0.6s
Test Summary:                                   | Pass  Total  Time
independent finite three-site scientific oracle |  109    109  0.8s
Test Summary:                                       | Pass  Total  Time
executor rejects an undeclared extinction mechanism |    5      5  7.5s
Test Summary:                                               | Pass  Total  Time
current algorithm identities reject nonunit attempt budgets |    4      4  0.2s
Test Summary:                                              |  Pass  Total  Time
checkerboard colors use the versioned unbiased permutation | 16389  16389  2.3s
Test Summary:                                             | Pass  Total  Time
sequential and checkerboard share units, not trajectories |    7      7  3.4s
Test Summary:                                                          | Pass  Total  Time
successful runtime boundaries publish deterministic lifecycle receipts |   18     18  1.6s
Test Summary:                                           | Pass  Total  Time
program-step candidates publish only on explicit commit |   34     34  0.2s
Test Summary:                                        | Pass  Total  Time
descriptor-state staging is atomic and bank isolated |   23     23  0.5s
Test Summary:                                                 | Pass  Total  Time
unexpected staged-program failures restore a settled boundary |   14     14  1.4s
Test Summary:                                        | Pass  Total  Time
LocalWorksets checkerboard queue capacity is checked |    5      5  0.0s
Test Summary:                                                       | Pass  Total   Time
private LocalWorksets claim vertical preserves queued CPU execution |   65     65  17.8s
Test Summary:                                                  | Pass  Total  Time
LocalWorksets evidence remains conjunctive with Core authority |    7      7  0.8s
Test Summary:                                                        | Pass  Total  Time
LocalWorksets candidate rejects whole-MCS lease exhaustion prelaunch |    6      6  0.0s
Test Summary:                                               | Pass  Total  Time
expected scientific failure preserves the direct commit cut |   18     18  4.4s
Test Summary:                                               | Pass  Total  Time
Core trusted adapter bypasses more-specific public dispatch |    7      7  0.1s
Test Summary:                                             | Pass  Total  Time
provider failure poisons and maps through Core settlement |    6      6  4.6s
Test Summary:                                | Pass  Total  Time
cell moments provide local proposal geometry |   10     10  2.2s
Test Summary:                                              | Pass  Total  Time
compiled and initial program boundaries own mutable inputs |   21     21  3.8s
Test Summary:                                  | Pass  Total  Time
bounded histories are logical checkpoint state |    3      3  4.8s
Test Summary:                                          | Pass  Total  Time
model assignment is one buffered after-MCS transaction |    7      7  1.7s
Test Summary:                     | Pass  Total  Time
narrow compiled-program interface |   71     71  3.7s
Test Summary:                                   | Pass  Total  Time
checkerboard evaluates before owner arbitration |    1      1  0.0s
Test Summary:                                      | Pass  Total  Time
owned runtime barriers remain inferred and bounded |    5      5  0.1s
Test Summary:                                    | Pass  Total  Time
external trackers use the generic execution path |   29     29  4.8s
Test Summary:                                      | Pass  Total  Time
relationship transactions are atomic and canonical |   56     56  2.0s
Test Summary:                                                     | Pass  Total  Time
settled host relationship transactions rebuild one atomic runtime |   31     31  8.2s
Test Summary:                                   | Pass  Total  Time
logical checkpoints preserve exact continuation |   26     26  1.2s
Test Summary:                                | Pass  Total  Time
initialization uses the semantic RNG address |    5      5  0.0s
Test Summary:                            | Pass  Total  Time
external descriptor operation stays open |    7      7  0.2s
Test Summary:                                            | Pass  Total     Time
public storage layouts canonicalize representation banks |   13     13  1m14.7s
Test Summary:                                                  | Pass  Total  Time
relationship declarations grow data rather than specialization |   11     11  2.2s
Test Summary:                                          | Pass  Total  Time
surface tracker equals an independent ownership oracle |   40     40  2.2s
Test Summary:                                           | Pass  Total  Time
cell geometry matches independent global energy oracles |   13     13  0.5s
Test Summary:                              | Pass  Total  Time
relationship lookup cost is incident-local |    8      8  0.0s
Test Summary:                               | Pass  Total  Time
copy-returning descriptor-state backend SPI |   14     14  0.5s
Test Summary:                  | Pass  Total  Time
shared proposal acceptance law |   23     23  0.0s
Test Summary:                                     | Pass  Total  Time
acceptance preflight and engine failure atomicity |   24     24  1.6s
Test Summary:                          | Pass  Total  Time
structured program capability profiles |  113    113  0.2s
Test Summary:                                       | Pass  Total  Time
exact replay binds checkpoint execution environment |   16     16  0.5s
Test Summary:                                         | Pass  Total  Time
external all-true support cannot mint replay evidence |   11     11  0.0s
Test Summary:                     | Pass  Total  Time
adaptation is not device evidence |   10     10  0.3s
Test Summary:                                 | Pass  Total  Time
CPU scalar evidence and unsupported preflight |   27     27  1.3s
Test Summary:                                      | Pass  Total  Time
changed mechanism keys do not manufacture evidence |    6      6  0.3s
Test Summary:                                        | Pass  Total  Time
BackendSPI cannot bypass adapted-workspace preflight |   11     11  1.2s
Test Summary:                      | Pass  Total  Time
generation-safe lifecycle receipts |   28     28  0.2s
Test Summary:                                                   | Pass  Total  Time
real Core transaction publishes every lifecycle receipt variant |   30     30  7.8s
Test Summary:                                   | Pass  Total  Time
atomic bulk component-state receipt application |   38     38  0.3s
Test Summary:                                               | Pass  Total  Time
component transaction groups prevalidate before publication |   24     24  0.0s
Test Summary:             | Pass  Total   Time
CorePotts package quality |   10     10  10.2s
Test Summary:                                                  | Pass  Total     Time
Core trusted adapter drains admitted work across method worlds |    3      3  1m14.6s
     Testing CorePotts tests passed 
