     Testing PottsToolkit
        Test Could not use exact versions of packages in manifest. Re-resolving dependencies
    Updating `/private/var/folders/9d/d4gpx11s7vlbsnsd5y3n2z8r0000gn/T/jl_0FvzrO/Project.toml`
  [4c88cf16] + Aqua v0.8.16
  [7d51a73a] + ExplicitImports v1.15.0
  [961ee093] + ModelingToolkit v11.39.0
  [7771a370] ↑ ModelingToolkitBase v1.58.1 ⇒ v1.64.0
  [e4c62a4c] + PottsToolkit v0.2.0 `~/Documents/Jiang/CPM 1.6/Potts.jl`
  [0bca4576] ↑ SciMLBase v3.39.1 ⇒ v3.46.0
  [2efcf032] ↑ SymbolicIndexingInterface v0.3.51 ⇒ v0.3.54
  [0c5d862f] ↑ Symbolics v7.34.1 ⇒ v7.36.0
  [1986cc42] + Unitful v1.28.0
    Updating `/private/var/folders/9d/d4gpx11s7vlbsnsd5y3n2z8r0000gn/T/jl_0FvzrO/Manifest.toml`
  [47edcb42] ↑ ADTypes v1.22.3 ⇒ v1.23.0
  [4c88cf16] + Aqua v0.8.16
  [caf10ac8] ↑ BipartiteGraphs v0.1.10 ⇒ v0.1.11
  [38540f10] ↑ CommonSolve v0.2.12 ⇒ v0.2.13
  [a8cc5b0e] + Crayons v4.2.0
  [9a962f9c] + DataAPI v1.16.0
  [e2d170a0] + DataValueInterfaces v1.0.0
  [2b5f629d] ↑ DiffEqBase v7.9.0 ⇒ v7.14.0
  [459566f4] ↑ DiffEqCallbacks v4.19.0 ⇒ v4.19.1
  [7d51a73a] + ExplicitImports v1.15.0
  [7034ab61] ↑ FastBroadcast v1.3.5 ⇒ v1.3.6
  [a4df4552] ↑ FastPower v1.4.0 ⇒ v1.4.1
  [6a86dc24] ↑ FiniteDiff v2.32.0 ⇒ v2.33.0
  [f6369f11] ↑ ForwardDiff v1.4.3 ⇒ v1.4.5
  [77dc65aa] ↑ FunctionWrappersWrappers v1.12.0 ⇒ v1.12.1
  [ba0b0d4f] ↑ Krylov v0.10.8 ⇒ v0.10.9
  [b964fa9f] + LaTeXStrings v1.4.0
  [87fe0de2] ↑ LineSearch v0.1.12 ⇒ v0.1.13
  [7ed4a6bd] ↑ LinearSolve v5.3.0 ⇒ v5.9.0
  [961ee093] + ModelingToolkit v11.39.0
  [7771a370] ↑ ModelingToolkitBase v1.58.1 ⇒ v1.64.0
  [6bb917b9] + ModelingToolkitTearing v1.20.5
  [be0214bd] ↑ NonlinearSolveBase v2.38.1 ⇒ v2.42.0
  [5959db7a] ↑ NonlinearSolveFirstOrder v2.2.3 ⇒ v2.3.1
⌅ [bac558e1] ↓ OrderedCollections v2.0.1 ⇒ v1.8.2
  [bbf590c4] ↑ OrdinaryDiffEqCore v4.11.0 ⇒ v4.14.2
  [e4c62a4c] + PottsToolkit v0.2.0 `~/Documents/Jiang/CPM 1.6/Potts.jl`
  [d236fae5] ↑ PreallocationTools v1.4.0 ⇒ v1.4.1
  [08abe8d2] + PrettyTables v3.4.6
  [0c0d3e7f] ↑ PureKLU v1.2.0 ⇒ v1.4.0
  [731186ca] ↑ RecursiveArrayTools v4.3.5 ⇒ v4.3.6
  [7e49a35a] ↑ RuntimeGeneratedFunctions v0.5.23 ⇒ v0.5.24
  [9dfe8606] ↑ SCCNonlinearSolve v1.14.0 ⇒ v1.14.1
  [0bca4576] ↑ SciMLBase v3.39.1 ⇒ v3.46.0
  [19f34311] ↑ SciMLJacobianOperators v0.1.16 ⇒ v0.1.17
  [a6db7da4] ↑ SciMLLogging v2.0.3 ⇒ v2.0.4
  [c0aeaf25] ↑ SciMLOperators v1.25.1 ⇒ v1.26.1
  [727e6d20] ↑ SimpleNonlinearSolve v2.13.1 ⇒ v2.14.0
  [a57abbd0] ↑ SparseColumnPivotedQR v2.1.5 ⇒ v2.1.6
  [276daf66] ↑ SpecialFunctions v2.8.0 ⇒ v2.8.3
  [64909d44] + StateSelection v1.11.0
  [892a3eda] + StringManipulation v0.4.7
  [2efcf032] ↑ SymbolicIndexingInterface v0.3.51 ⇒ v0.3.54
  [19f23fe9] ↑ SymbolicLimits v1.1.4 ⇒ v1.1.5
  [d1185830] ↑ SymbolicUtils v4.43.0 ⇒ v4.45.0
  [0c5d862f] ↑ Symbolics v7.34.1 ⇒ v7.36.0
  [3783bdb8] + TableTraits v1.0.1
  [bd369af6] + Tables v1.13.0
  [a759f4b9] ↑ TimerOutputs v0.5.29 ⇒ v1.1.1
  [1986cc42] + Unitful v1.28.0
        Info Packages marked with ⌅ have new versions available but compatibility constraints restrict them from upgrading. To see why use `status --outdated -m`
        Test Successfully re-resolved
      Status `/private/var/folders/9d/d4gpx11s7vlbsnsd5y3n2z8r0000gn/T/jl_0FvzrO/Project.toml`
  [4c88cf16] Aqua v0.8.16
  [047998c1] CorePotts v0.2.0 `~/Documents/Jiang/CPM 1.6/Potts.jl/lib/CorePotts`
  [06fc5a27] DynamicQuantities v1.13.0
  [7d51a73a] ExplicitImports v1.15.0
  [63c18a36] KernelAbstractions v0.9.42
  [82808884] LocalWorksets v0.1.0 `~/Documents/Jiang/CPM 1.6/Potts.jl/lib/LocalWorksets`
  [961ee093] ModelingToolkit v11.39.0
  [7771a370] ModelingToolkitBase v1.64.0
  [e4c62a4c] PottsToolkit v0.2.0 `~/Documents/Jiang/CPM 1.6/Potts.jl`
  [0bca4576] SciMLBase v3.46.0
  [2efcf032] SymbolicIndexingInterface v0.3.54
  [0c5d862f] Symbolics v7.36.0
  [1986cc42] Unitful v1.28.0
  [37e2e46d] LinearAlgebra v1.12.0
  [ea8e919c] SHA v0.7.0
  [fa267f1f] TOML v1.0.3
  [8dfed614] Test v1.11.0
      Status `/private/var/folders/9d/d4gpx11s7vlbsnsd5y3n2z8r0000gn/T/jl_0FvzrO/Manifest.toml`
  [47edcb42] ADTypes v1.23.0
  [14f7f29c] AMD v0.5.3
  [6e696c72] AbstractPlutoDingetjes v1.4.0
  [1520ce14] AbstractTrees v0.4.5
  [6a4ca0a5] AcceleratedKernels v0.4.3
  [7d9f7c33] Accessors v0.1.45
  [79e6a3ab] Adapt v4.7.0
  [4c88cf16] Aqua v0.8.16
  [dce04be8] ArgCheck v2.5.0
  [ec485272] ArnoldiMethod v0.4.0
  [4fba245c] ArrayInterface v7.28.1
  [4c555306] ArrayLayouts v1.12.2
  [a9b6321e] Atomix v1.1.3
  [aae01518] BandedMatrices v1.11.0
  [e2ed5e7c] Bijections v0.2.2
  [b2a6c25c] BinaryHeaps v1.0.4
  [caf10ac8] BipartiteGraphs v0.1.11
  [8e7c35d0] BlockArrays v1.10.0
  [70df07ce] BracketingNonlinearSolve v1.12.4
⌅ [861a8166] Combinatorics v1.0.2
  [38540f10] CommonSolve v0.2.13
  [bbf7d656] CommonSubexpressions v0.3.1
  [f70d9fcc] CommonWorldInvalidations v1.1.2
  [34da2185] Compat v4.18.1
  [b152e2b5] CompositeTypes v0.1.4
  [a33af91c] CompositionsBase v0.1.2
  [2569d6c7] ConcreteStructs v0.2.7
  [187b0558] ConstructionBase v1.6.0
  [047998c1] CorePotts v0.2.0 `~/Documents/Jiang/CPM 1.6/Potts.jl/lib/CorePotts`
  [a8cc5b0e] Crayons v4.2.0
  [9a962f9c] DataAPI v1.16.0
  [864edb3b] DataStructures v0.19.6
  [e2d170a0] DataValueInterfaces v1.0.0
  [2b5f629d] DiffEqBase v7.14.0
  [459566f4] DiffEqCallbacks v4.19.1
  [163ba53b] DiffResults v1.1.0
  [b552c78f] DiffRules v1.16.0
  [a0c0ee7d] DifferentiationInterface v0.7.20
  [8d63f2c5] DispatchDoctor v0.4.28
  [ffbed154] DocStringExtensions v0.9.5
  [5b8099bc] DomainSets v0.8.1
  [7c1d4256] DynamicPolynomials v0.6.6
  [06fc5a27] DynamicQuantities v1.13.0
  [4e289a0a] EnumX v1.0.7
  [f151be2c] EnzymeCore v0.8.21
  [7d51a73a] ExplicitImports v1.15.0
  [e2ba6199] ExprTools v0.1.11
  [55351af7] ExproniconLite v0.10.14
  [7034ab61] FastBroadcast v1.3.6
  [9aa1b823] FastClosures v0.3.2
  [a4df4552] FastPower v1.4.1
  [1a297f60] FillArrays v1.17.0
  [64ca27bc] FindFirstFunctions v3.2.1
  [6a86dc24] FiniteDiff v2.33.0
  [f6369f11] ForwardDiff v1.4.5
  [a85aefff] FunctionMaps v0.1.2
  [069b7b12] FunctionWrappers v1.1.3
  [77dc65aa] FunctionWrappersWrappers v1.12.1
  [46192b85] GPUArraysCore v0.2.0
  [86223c79] Graphs v1.14.0
  [3263718b] ImplicitDiscreteSolve v2.1.5
  [d25df0c9] Inflate v0.1.5
  [18e54dd8] IntegerMathUtils v0.1.4
  [8197267c] IntervalSets v0.7.14
  [3587e190] InverseFunctions v0.1.17
  [92d709cd] IrrationalConstants v0.2.6
  [82899510] IteratorInterfaceExtensions v1.0.0
  [692b3bcd] JLLWrappers v1.8.0
  [ae98c720] Jieko v0.2.1
  [ccbc3e58] JumpProcesses v9.29.2
  [63c18a36] KernelAbstractions v0.9.42
  [ba0b0d4f] Krylov v0.10.9
  [b964fa9f] LaTeXStrings v1.4.0
  [87fe0de2] LineSearch v0.1.13
  [7ed4a6bd] LinearSolve v5.9.0
  [82808884] LocalWorksets v0.1.0 `~/Documents/Jiang/CPM 1.6/Potts.jl/lib/LocalWorksets`
  [2ab3a3ac] LogExpFunctions v1.0.1
  [e6f89c97] LoggingExtras v1.2.0
  [1914dd2f] MacroTools v0.5.16
  [bb5d69b7] MaybeInplace v0.1.7
  [961ee093] ModelingToolkit v11.39.0
  [7771a370] ModelingToolkitBase v1.64.0
  [6bb917b9] ModelingToolkitTearing v1.20.5
  [2e0e35c7] Moshi v0.3.12
  [46d2c3a1] MuladdMacro v0.2.7
  [102ac46a] MultivariatePolynomials v0.5.19
  [d8a4904e] MutableArithmetics v1.8.0
  [77ba4419] NaNMath v1.1.4
  [be0214bd] NonlinearSolveBase v2.42.0
  [5959db7a] NonlinearSolveFirstOrder v2.3.1
  [6fe1bfb0] OffsetArrays v1.17.0
⌅ [bac558e1] OrderedCollections v1.8.2
  [bbf590c4] OrdinaryDiffEqCore v4.14.2
  [e409e4f3] PoissonRandom v0.4.13
  [e4c62a4c] PottsToolkit v0.2.0 `~/Documents/Jiang/CPM 1.6/Potts.jl`
  [d236fae5] PreallocationTools v1.4.1
  [aea7be01] PrecompileTools v1.3.4
  [21216c6a] Preferences v1.5.2
  [08abe8d2] PrettyTables v3.4.6
  [27ebfcd6] Primes v0.5.7
  [0c0d3e7f] PureKLU v1.4.0
  [988b38a3] ReadOnlyArrays v0.2.0
  [795d4caa] ReadOnlyDicts v1.0.1
  [3cdcf5f2] RecipesBase v1.3.4
  [731186ca] RecursiveArrayTools v4.3.6
  [189a3867] Reexport v1.2.2
  [ae029012] Requires v1.3.1
  [9fe22ead] RespecializeParams v1.2.0
  [7e49a35a] RuntimeGeneratedFunctions v0.5.24
  [9dfe8606] SCCNonlinearSolve v1.14.1
  [0bca4576] SciMLBase v3.46.0
  [19f34311] SciMLJacobianOperators v0.1.17
  [a6db7da4] SciMLLogging v2.0.4
  [c0aeaf25] SciMLOperators v1.26.1
  [431bcebd] SciMLPublic v1.2.4
  [53ae85a6] SciMLStructures v1.10.4
  [efcf1570] Setfield v1.1.2
  [727e6d20] SimpleNonlinearSolve v2.14.0
  [699a6c99] SimpleTraits v0.9.6
  [a57abbd0] SparseColumnPivotedQR v2.1.6
  [276daf66] SpecialFunctions v2.8.3
  [0c0c59c1] StarAlgebras v0.3.0
  [64909d44] StateSelection v1.11.0
  [90137ffa] StaticArrays v1.9.18
  [1e83bf80] StaticArraysCore v1.4.4
  [10745b16] Statistics v1.11.1
  [892a3eda] StringManipulation v0.4.7
  [2efcf032] SymbolicIndexingInterface v0.3.54
  [19f23fe9] SymbolicLimits v1.1.5
  [d1185830] SymbolicUtils v4.45.0
  [0c5d862f] Symbolics v7.36.0
  [3783bdb8] TableTraits v1.0.1
  [bd369af6] Tables v1.13.0
  [ed4db957] TaskLocalValues v0.1.3
  [8ea1fca8] TermInterface v2.0.0
  [1c621080] TestItems v1.0.0
  [a759f4b9] TimerOutputs v1.1.1
  [410a4b4d] Tricks v0.1.13
  [781d530d] TruncatedStacktraces v1.4.0
  [3a884ed6] UnPack v1.0.2
  [1986cc42] Unitful v1.28.0
  [013be700] UnsafeAtomics v0.3.1
  [d30d5f5c] WeakCacheSets v0.1.0
  [1d5cc7b8] IntelOpenMP_jll v2025.2.0+0
  [856f044c] MKL_jll v2025.2.0+0
  [efe28fd5] OpenSpecFun_jll v0.5.6+0
  [1317d2d5] oneTBB_jll v2022.3.0+0
  [0dad84c5] ArgTools v1.1.2
  [56f22d72] Artifacts v1.11.0
  [2a0f44e3] Base64 v1.11.0
  [ade2ca70] Dates v1.11.0
  [8ba89e20] Distributed v1.11.0
  [f43a241f] Downloads v1.7.0
  [7b1f6079] FileWatching v1.11.0
  [9fa8497b] Future v1.11.0
  [b77e0a4c] InteractiveUtils v1.11.0
  [ac6e5ff7] JuliaSyntaxHighlighting v1.12.0
  [4af54fe1] LazyArtifacts v1.11.0
  [b27032c2] LibCURL v0.6.4
  [76f85450] LibGit2 v1.11.0
  [8f399da3] Libdl v1.11.0
  [37e2e46d] LinearAlgebra v1.12.0
  [56ddb016] Logging v1.11.0
  [d6f4376e] Markdown v1.11.0
  [ca575930] NetworkOptions v1.3.0
  [44cfe95a] Pkg v1.12.1
  [de0858da] Printf v1.11.0
  [3fa0cd96] REPL v1.11.0
  [9a3f8284] Random v1.11.0
  [ea8e919c] SHA v0.7.0
  [9e88b42a] Serialization v1.11.0
  [6462fe0b] Sockets v1.11.0
  [2f01184e] SparseArrays v1.12.0
  [f489334b] StyledStrings v1.11.0
  [fa267f1f] TOML v1.0.3
  [a4e569a6] Tar v1.10.0
  [8dfed614] Test v1.11.0
  [cf7118a7] UUIDs v1.11.0
  [4ec0a83e] Unicode v1.11.0
  [e66e0078] CompilerSupportLibraries_jll v1.3.0+1
  [deac9b47] LibCURL_jll v8.15.0+0
  [e37daf67] LibGit2_jll v1.9.0+0
  [29816b5a] LibSSH2_jll v1.11.3+1
  [14a3606d] MozillaCACerts_jll v2025.11.4
  [4536629a] OpenBLAS_jll v0.3.29+0
  [05823500] OpenLibm_jll v0.8.7+0
  [458c3c95] OpenSSL_jll v3.5.4+0
  [bea87d4a] SuiteSparse_jll v7.8.3+2
  [83775a58] Zlib_jll v1.3.1+2
  [8e850b90] libblastrampoline_jll v5.15.0+0
  [8e850ede] nghttp2_jll v1.64.0+1
  [3f19e933] p7zip_jll v17.7.0+0
        Info Packages marked with ⌅ have new versions available but compatibility constraints restrict them from upgrading.
Precompiling for configuration --code-coverage=none --color=no --check-bounds=yes --warn-overwrite=yes --depwarn=yes --inline=yes --startup-file=no --track-allocation=none
  50544.4 ms  ✓ PottsToolkit
   6617.7 ms  ✓ PottsToolkit → PottsToolkitUnitfulExt
   7140.6 ms  ✓ PottsToolkit → PottsToolkitModelingToolkitExt
  3 dependencies successfully precompiled in 60 seconds. 282 already precompiled.
     Testing Running tests...
Precompiling packages...
  49340.6 ms  ✓ PottsToolkit
  1 dependency successfully precompiled in 50 seconds. 259 already precompiled.
┌ Info: authoritative test file
└   file = "test_public_api_v2.jl"
┌ Info: authoritative test file
└   file = "test_system_contract.jl"
┌ Info: authoritative test file
└   file = "test_statements_and_traversal.jl"
┌ Info: authoritative test file
└   file = "test_completion_and_diagnostics.jl"
┌ Info: authoritative test file
└   file = "test_units_and_parameters.jl"
┌ Info: authoritative test file
└   file = "test_mtkcompile.jl"
┌ Info: authoritative test file
└   file = "test_initial_problem_remake.jl"
┌ Info: authoritative test file
└   file = "test_runtime_solution_sii.jl"
┌ Info: authoritative test file
└   file = "test_source_traversal_authority.jl"
┌ Info: authoritative test file
└   file = "test_native_authoring.jl"
┌ Info: authoritative test file
└   file = "test_native_component_pools.jl"
┌ Info: authoritative test file
└   file = "test_sciml_lifecycle_v2.jl"
┌ Info: authoritative test file
└   file = "test_lifecycle_public_v2.jl"
┌ Info: authoritative test file
└   file = "test_relationship_host_transactions_v2.jl"
┌ Info: authoritative test file
└   file = "test_external_compiler_spi_v2.jl"
┌ Info: authoritative test file
└   file = "test_scientific_operation_spi.jl"
┌ Info: authoritative test file
└   file = "test_scientific_witnesses_v2.jl"
┌ Info: authoritative test file
└   file = "test_product_programs.jl"
┌ Info: authoritative test file
└   file = "test_fresh_process_v2.jl"
┌ Info: authoritative test file
└   file = "test_core_spi_boundary.jl"
┌ Info: authoritative test file
└   file = "test_package_quality.jl"
Test Summary:                | Pass  Total  Time
authoritative runner closure |  438    438  0.1s
Test Summary:                                     | Pass  Total      Time
G5H-1 through G5H-3 authoritative package surface | 2236   2236  17m57.6s
     Testing PottsToolkit tests passed 
