      Status `~/Documents/Jiang/CPM 1.6/Potts.jl/lib/LocalWorksets/test/Project.toml`
  [4c88cf16] Aqua v0.8.16
  [82808884] LocalWorksets v0.1.0 `.`
  [8dfed614] Test v1.11.0
      Status `~/Documents/Jiang/CPM 1.6/Potts.jl/lib/LocalWorksets/Manifest.toml`
  [79e6a3ab] Adapt v4.7.0
  [4c88cf16] Aqua v0.8.16
  [a9b6321e] Atomix v1.1.3
  [34da2185] Compat v4.18.1
  [63c18a36] KernelAbstractions v0.9.42
  [82808884] LocalWorksets v0.1.0 `.`
  [1914dd2f] MacroTools v0.5.16
  [aea7be01] PrecompileTools v1.3.4
  [21216c6a] Preferences v1.5.2
  [ae029012] Requires v1.3.1
  [90137ffa] StaticArrays v1.9.18
  [1e83bf80] StaticArraysCore v1.4.4
  [013be700] UnsafeAtomics v0.3.1
  [0dad84c5] ArgTools v1.1.2
  [56f22d72] Artifacts v1.11.0
  [2a0f44e3] Base64 v1.11.0
  [ade2ca70] Dates v1.11.0
  [f43a241f] Downloads v1.7.0
  [7b1f6079] FileWatching v1.11.0
  [b77e0a4c] InteractiveUtils v1.11.0
  [ac6e5ff7] JuliaSyntaxHighlighting v1.12.0
  [b27032c2] LibCURL v0.6.4
  [76f85450] LibGit2 v1.11.0
  [8f399da3] Libdl v1.11.0
  [37e2e46d] LinearAlgebra v1.12.0
  [56ddb016] Logging v1.11.0
  [d6f4376e] Markdown v1.11.0
  [ca575930] NetworkOptions v1.3.0
  [44cfe95a] Pkg v1.12.1
  [de0858da] Printf v1.11.0
  [9a3f8284] Random v1.11.0
  [ea8e919c] SHA v0.7.0
  [9e88b42a] Serialization v1.11.0
  [f489334b] StyledStrings v1.11.0
  [fa267f1f] TOML v1.0.3
  [a4e569a6] Tar v1.10.0
  [8dfed614] Test v1.11.0
  [cf7118a7] UUIDs v1.11.0
  [4ec0a83e] Unicode v1.11.0
  [e66e0078] CompilerSupportLibraries_jll v1.3.0+1
  [deac9b47] LibCURL_jll v8.15.0+0
  [e37daf67] LibGit2_jll v1.9.0+0
  [29816b5a] LibSSH2_jll v1.11.3+1
  [14a3606d] MozillaCACerts_jll v2025.11.4
  [4536629a] OpenBLAS_jll v0.3.29+0
  [458c3c95] OpenSSL_jll v3.5.4+0
  [83775a58] Zlib_jll v1.3.1+2
  [8e850b90] libblastrampoline_jll v5.15.0+0
  [8e850ede] nghttp2_jll v1.64.0+1
  [3f19e933] p7zip_jll v17.7.0+0
     Testing Running tests...
WARNING: Method definition _cache_execution_lowering!(LocalWorksets.PreparedWork{P, S, W, Q, L, R, N, A, SI, WI, WA, TC, OC} where OC where TC where WA where WI where SI where A where N where R where L where Q where W where S where P, Tuple) in module LocalWorksets at /Users/praneethmerugu/Documents/Jiang/CPM 1.6/Potts.jl/lib/LocalWorksets/src/execution.jl:262 overwritten in module Main at /Users/praneethmerugu/Documents/Jiang/CPM 1.6/Potts.jl/lib/LocalWorksets/test/test_admission.jl:330.
WARNING: Method definition _central_admission(LocalWorksets.LocalWork{I, R, O, A, F} where F where A where O where R where I, Any, Any) in module LocalWorksets at /Users/praneethmerugu/Documents/Jiang/CPM 1.6/Potts.jl/lib/LocalWorksets/src/execution/localworksets_resolved.jl:75 overwritten in module Main at /Users/praneethmerugu/Documents/Jiang/CPM 1.6/Potts.jl/lib/LocalWorksets/test/test_admission.jl:349.
WARNING: Method definition _release_through!(LocalWorksets.PreparedWork{P, S, W, Q, L, R, N, A, SI, WI, WA, TC, OC} where OC where TC where WA where WI where SI where A where N where R where L where Q where W where S where P, UInt64) in module LocalWorksets at /Users/praneethmerugu/Documents/Jiang/CPM 1.6/Potts.jl/lib/LocalWorksets/src/execution.jl:459 overwritten in module Main at /Users/praneethmerugu/Documents/Jiang/CPM 1.6/Potts.jl/lib/LocalWorksets/test/test_admission.jl:381.
WARNING: Method definition _lease_index(LocalWorksets.PreparedWork{P, S, W, Q, L, R, N, A, SI, WI, WA, TC, OC} where OC where TC where WA where WI where SI where A where N where R where L where Q where W where S where P, UInt64) in module LocalWorksets at /Users/praneethmerugu/Documents/Jiang/CPM 1.6/Potts.jl/lib/LocalWorksets/src/execution.jl:277 overwritten in module Main at /Users/praneethmerugu/Documents/Jiang/CPM 1.6/Potts.jl/lib/LocalWorksets/test/test_admission.jl:408.
Test Summary:                 | Pass  Total  Time
LocalWorksets package quality |   11     11  9.9s
Test Summary:                          | Pass  Total  Time
LocalWorksets exact internal-first API |   31     31  1.7s
Test Summary:                                           | Pass  Total  Time
LW-4C3 concise single-output authoring desugars exactly |   26     26  9.7s
Test Summary:                                          | Pass  Total  Time
external concrete operations use the central lifecycle |    4      4  2.1s
Test Summary:                        | Pass  Total  Time
LW-4B bounded declaration vocabulary |   21     21  0.3s
Test Summary:                                               | Pass  Total  Time
LocalWork construction spellings and declaration validation |   19     19  0.5s
Test Summary:                                            | Pass  Total  Time
slot bounds and resolved destination profiles are closed |   11     11  0.1s
Test Summary:                                      | Pass  Total   Time
non-CPM deterministic z-buffer drives its lowering |  125    125  27.2s
Test Summary:                                                   | Pass  Total   Time
bounded two-key conjunctive resolution is exact and inspectable |   47     47  21.0s
Test Summary:                                                   | Pass  Total  Time
rank sentinel, empty result, mask, and active selection execute |   14     14  3.9s
Test Summary:                                               | Pass  Total  Time
logical names derive physical storage and workspace is real |   16     16  0.0s
Test Summary:                            | Pass  Total  Time
submission storage slots are operational |    3      3  7.0s
Test Summary:                                              | Pass  Total     Time
ordered stages retain declarations and implicit visibility |   21     21  1m25.6s
Test Summary:                                                       | Pass  Total  Time
invalid external operation results have structured prelaunch errors |   46     46  5.2s
Test Summary:                                          | Pass  Total   Time
LW-4B heterogeneous independent combined resolved work |   33     33  18.8s
Test Summary:                                            | Pass  Total  Time
LW-4B heterogeneous operation executes once per CPU item |    4      4  3.6s
Test Summary:                              | Pass  Total  Time
LW-4B deterministic and fast combined laws |   21     21  7.6s
Test Summary:                     | Pass  Total  Time
LW-4B direct independent lowering |   44     44  3.9s
Test Summary:                                  | Pass  Total  Time
LW-4B preparation integrity and checked bounds |   22     22  7.0s
Test Summary:                                              | Pass  Total  Time
LW-4B partial and bounded multi-emission independent ports |    7      7  3.0s
Test Summary:                                                         | Pass  Total  Time
LW-4C1 shared topology and workspace specifications are authoritative |   10     10  1.6s
Test Summary:                                              | Pass  Total  Time
LW-4C1 shared binding requirements enforce declared access |    1      1  1.0s
Test Summary:                                                  | Pass  Total   Time
LW-4C2 canonical topology and automatic workspace are explicit |   28     28  12.1s
Test Summary:                                                  | Pass  Total  Time
LW-4C2 automatic nested workspaces preserve buffered semantics |   10     10  1.6s
Test Summary:                                                   | Pass  Total  Time
LW-4C2 automatic workspace covers retained specialized profiles |   17     17  4.1s
Test Summary:                                              | Pass  Total  Time
central rejection, freshness, capacity, and task ownership |   35     35  7.5s
Test Summary:                                         | Pass  Total  Time
generated submission rejection is exact and prelaunch |   35     35  7.0s
Test Summary:                                               | Pass  Total  Time
synchronous failure poisons the shared implicit-order scope |   10     10  0.1s
Test Summary:                                                 | Pass  Total  Time
source-level generic substrate contains no resolved mechanism |   30     30  0.3s
Test Summary:                                                     | Pass  Total  Time
lifecycle wrappers cannot replace package validation or execution |    7      7  3.0s
Test Summary:                                              | Pass  Total  Time
type-specialized capability evidence cannot be substituted |    2      2  0.0s
Test Summary:                                       | Pass  Total  Time
single-output convenience freezes the user callback |    4      4  1.1s
Test Summary:                                | Pass  Total  Time
reviewed compiler evidence cannot be pirated |    1      1  0.0s
Test Summary:                       | Pass  Total  Time
lowering evidence cannot be pirated |    1      1  0.0s
Test Summary:                                 | Pass  Total  Time
admission has no replaceable wrapper dispatch |    4      4  0.0s
Test Summary:                                               | Pass  Total  Time
preexisting provider-wait piracy rejects before preparation |   11     11  1.8s
Test Summary:                                                  | Pass  Total  Time
post-submission method changes cannot strand the provider tail |    4      4  0.0s
Test Summary:                                    | Pass  Total  Time
exact cached-execution replacement cannot launch |    5      5  0.0s
Test Summary:                                     | Pass  Total  Time
exact central admission replacement cannot launch |    2      2  0.0s
Test Summary:                                               | Pass  Total  Time
lease release replacement cannot strand a synchronized tail |   10     10  0.0s
Test Summary:                                             | Pass  Total  Time
lease-index replacement cannot strand a synchronized tail |   10     10  0.0s
     Testing LocalWorksets tests passed 
